{
    "count": 2,
    "clickable_elements": 0,
    "activity_name": "test_activity",
    "element_names": {
        "class1": 2
    }
}